    Blocking waiting for file lock on package cache
    Blocking waiting for file lock on package cache
    Blocking waiting for file lock on package cache
    Blocking waiting for file lock on package cache
   Compiling pin-project-lite v0.2.17
   Compiling libc v0.2.186
   Compiling once_cell v1.21.4
   Compiling bytes v1.11.1
   Compiling cfg-if v1.0.4
   Compiling futures-core v0.3.32
   Compiling memchr v2.8.0
   Compiling itoa v1.0.18
   Compiling futures-sink v0.3.32
   Compiling tracing-core v0.1.36
   Compiling equivalent v1.0.2
   Compiling slab v0.4.12
   Compiling futures-channel v0.3.32
   Compiling log v0.4.29
   Compiling hashbrown v0.17.0
   Compiling serde_core v1.0.228
   Compiling http v1.4.0
   Compiling futures-task v0.3.32
   Compiling futures-io v0.3.32
   Compiling futures-util v0.3.32
   Compiling indexmap v2.14.0
   Compiling tracing v0.1.44
   Compiling errno v0.3.14
   Compiling mio v1.2.0
   Compiling signal-hook-registry v1.4.8
   Compiling socket2 v0.6.3
   Compiling bitflags v2.11.1
   Compiling smallvec v1.15.1
   Compiling tokio v1.52.1
   Compiling http-body v1.0.1
   Compiling tower-service v0.3.3
   Compiling serde v1.0.228
   Compiling crossbeam-utils v0.8.21
   Compiling anyhow v1.0.102
   Compiling either v1.15.0
   Compiling tower-layer v0.3.3
   Compiling zerocopy v0.8.48
   Compiling itertools v0.12.1
   Compiling httparse v1.10.1
   Compiling http-body-util v0.1.3
   Compiling atomic-waker v1.1.2
   Compiling sync_wrapper v1.0.2
   Compiling fnv v1.0.7
   Compiling try-lock v0.2.5
   Compiling mime v0.3.17
   Compiling want v0.3.1
   Compiling percent-encoding v2.3.2
   Compiling scopeguard v1.2.0
   Compiling httpdate v1.0.3
   Compiling prost-derive v0.14.3
   Compiling lock_api v0.4.14
   Compiling rustix v1.1.4
   Compiling pulldown-cmark v0.13.3
   Compiling tokio-util v0.7.18
   Compiling prost v0.14.3
   Compiling h2 v0.4.13
   Compiling tower v0.5.3
   Compiling getrandom v0.3.4
   Compiling parking_lot_core v0.9.12
   Compiling getrandom v0.4.2
   Compiling concurrent-queue v2.5.0
   Compiling getrandom v0.2.17
   Compiling parking v2.2.1
   Compiling rand_core v0.10.1
   Compiling event-listener v5.4.1
   Compiling tempfile v3.27.0
   Compiling rand_core v0.6.4
   Compiling petgraph v0.8.3
   Compiling ahash v0.8.12
   Compiling ppv-lite86 v0.2.21
   Compiling prost-types v0.14.3
   Compiling pulldown-cmark-to-cmark v22.0.0
   Compiling zmij v1.0.21
   Compiling hyper v1.9.0
   Compiling allocator-api2 v0.2.21
   Compiling prost-build v0.14.3
   Compiling hashbrown v0.14.5
   Compiling serde_json v1.0.149
   Compiling hyper-util v0.1.20
   Compiling rand_chacha v0.3.1
   Compiling portable-atomic v1.13.1
   Compiling uuid v1.23.1
   Compiling event-listener-strategy v0.5.4
   Compiling libm v0.2.16
   Compiling parking_lot v0.12.5
   Compiling form_urlencoded v1.2.2
   Compiling axum-core v0.5.6
   Compiling raw-cpuid v11.6.0
   Compiling encoding_rs v0.8.35
   Compiling regex-syntax v0.8.10
   Compiling matchit v0.8.4
   Compiling spin v0.9.8
   Compiling ryu v1.0.23
   Compiling multer v3.1.0
   Compiling serde_urlencoded v0.7.1
   Compiling axum v0.8.9
   Compiling pin-project v1.1.11
   Compiling quanta v0.12.6
   Compiling num-traits v0.2.19
   Compiling tonic-prost-build v0.14.5
   Compiling regex-automata v0.4.14
   Compiling async-lock v3.4.2
   Compiling hyper-timeout v0.5.2
   Compiling rand v0.8.6
   Compiling dashmap v6.1.0
   Compiling axum-core v0.4.5
   Compiling rapidhash v4.4.1
   Compiling tokio-stream v0.1.18
   Compiling spinning_top v0.3.0
   Compiling tower v0.4.13
   Compiling futures-executor v0.3.32
   Compiling crossbeam-epoch v0.9.18
   Compiling crossbeam-channel v0.5.15
   Compiling serde_path_to_error v0.1.20
   Compiling tagptr v0.2.0
   Compiling lazy_static v1.5.0
   Compiling matchit v0.7.3
   Compiling base64 v0.22.1
   Compiling nonzero_ext v0.3.0
   Compiling arrayvec v0.7.6
   Compiling futures-timer v3.0.3
   Compiling no-std-compat v0.4.1
   Compiling tonic v0.14.5
   Compiling rust_decimal v1.41.0
   Compiling governor v0.7.0
   Compiling axum v0.7.9
   Compiling sharded-slab v0.1.7
   Compiling moka v0.12.15
   Compiling thiserror v1.0.69
   Compiling futures v0.3.32
   Compiling tower-http v0.5.2
   Compiling metrics v0.24.5
   Compiling matchers v0.2.0
   Compiling auction v0.1.0 (/home/oxisrael/Friehub/Taas/jumia-clone/services/auction)
   Compiling tracing-serde v0.2.0
   Compiling tracing-log v0.2.0
   Compiling thread_local v1.1.9
   Compiling nu-ansi-term v0.50.3
   Compiling tracing-subscriber v0.3.23
   Compiling ecom-shared v0.1.0 (/home/oxisrael/Friehub/Taas/jumia-clone/services/shared)
   Compiling tonic-prost v0.14.5
    Finished `dev` profile [unoptimized + debuginfo] target(s) in 3m 50s
     Running `target/debug/auction`
Error: invalid socket address syntax
