    Blocking waiting for file lock on package cache
    Blocking waiting for file lock on package cache
    Blocking waiting for file lock on package cache
    Blocking waiting for file lock on package cache
    Blocking waiting for file lock on build directory
   Compiling litemap v0.8.2
   Compiling zerofrom v0.1.7
   Compiling writeable v0.6.3
   Compiling utf8_iter v1.0.4
   Compiling yoke v0.8.2
   Compiling typenum v1.20.0
   Compiling stable_deref_trait v1.2.1
   Compiling icu_properties_data v2.2.0
   Compiling zerovec v0.11.6
   Compiling icu_normalizer_data v2.2.0
   Compiling subtle v2.6.1
   Compiling tinystr v0.8.3
   Compiling potential_utf v0.1.5
   Compiling zerotrie v0.2.4
   Compiling generic-array v0.14.7
   Compiling icu_locale_core v2.2.0
   Compiling icu_collections v2.2.0
   Compiling block-buffer v0.10.4
   Compiling crypto-common v0.1.7
   Compiling digest v0.10.7
   Compiling icu_provider v2.2.0
   Compiling cpufeatures v0.2.17
   Compiling minimal-lexical v0.2.1
   Compiling icu_normalizer v2.2.0
   Compiling nom v7.1.3
   Compiling icu_properties v2.2.0
   Compiling crc-catalog v2.5.0
   Compiling tinyvec_macros v0.1.1
   Compiling unicode_categories v0.1.1
   Compiling tinyvec v1.11.0
   Compiling crc v3.4.0
   Compiling ahash v0.8.12
   Compiling parking_lot_core v0.9.12
   Compiling event-listener v2.5.3
   Compiling hex v0.4.3
   Compiling parking_lot v0.12.5
   Compiling sqlformat v0.2.6
   Compiling idna_adapter v1.2.2
   Compiling idna v1.1.0
   Compiling hashbrown v0.14.5
   Compiling unicode-normalization v0.1.25
   Compiling hmac v0.12.1
   Compiling ppv-lite86 v0.2.21
   Compiling form_urlencoded v1.2.2
   Compiling tokio v1.52.1
   Compiling tracing-core v0.1.36
   Compiling unicode-properties v0.1.4
   Compiling unicode-bidi v0.3.18
   Compiling futures-util v0.3.32
   Compiling stringprep v0.1.5
   Compiling tracing v0.1.44
   Compiling rust_decimal v1.41.0
   Compiling url v2.5.8
   Compiling rand_chacha v0.3.1
   Compiling hkdf v0.12.4
   Compiling hashlink v0.8.4
   Compiling crossbeam-queue v0.3.12
   Compiling futures-intrusive v0.5.0
   Compiling futures-channel v0.3.32
   Compiling tokio-stream v0.1.18
   Compiling either v1.15.0
   Compiling atoi v2.0.0
   Compiling sha2 v0.10.9
   Compiling serde_json v1.0.149
   Compiling md-5 v0.10.6
   Compiling base64 v0.21.7
   Compiling whoami v1.6.1
   Compiling dotenvy v0.15.7
   Compiling home v0.5.12
   Compiling rand v0.8.6
   Compiling sqlx-core v0.7.4
   Compiling byteorder v1.5.0
   Compiling sqlx-postgres v0.7.4
   Compiling sqlx-macros-core v0.7.4
   Compiling sqlx-macros v0.7.4
   Compiling sqlx v0.7.4
   Compiling recommendations v0.1.0 (/home/oxisrael/Friehub/Taas/jumia-clone/services/recommendations)
warning: unused import: `std::sync::Arc`
 --> recommendations/src/service.rs:4:5
  |
4 | use std::sync::Arc;
  |     ^^^^^^^^^^^^^^
  |
  = note: `#[warn(unused_imports)]` on by default

warning: unused variable: `user_id`
  --> recommendations/src/engine.rs:29:44
   |
29 |     pub fn get_user_recommendations(&self, user_id: &str) -> Vec<RecommendedProduct> {
   |                                            ^^^^^^^ help: if this is intentional, prefix it with an underscore: `_user_id`
   |
   = note: `#[warn(unused_variables)]` on by default

warning: field `db` is never read
 --> recommendations/src/service.rs:8:5
  |
7 | pub struct RecommendationService {
  |            --------------------- field in this struct
8 |     db: PgPool,
  |     ^^
  |
  = note: `#[warn(dead_code)]` on by default

warning: `recommendations` (bin "recommendations") generated 3 warnings (run `cargo fix --bin "recommendations"` to apply 1 suggestion)
    Finished `dev` profile [unoptimized + debuginfo] target(s) in 5m 13s
     Running `target/debug/recommendations`
Error: error returned from database: password authentication failed for user "postgres"

Caused by:
    password authentication failed for user "postgres"
